2026-03-13 16:03:39,105 - INFO - --- Iniciando ciclo de automatización ---
2026-03-13 16:03:41,558 - INFO - Conexión con Google Sheets inicializada.
2026-03-13 16:03:41,872 - INFO - La automatización está activada. Continuando con el proceso.
2026-03-13 16:03:41,872 - INFO - ====== WebDriver manager ======
2026-03-13 16:03:50,618 - INFO - Get LATEST chromedriver version for google-chrome
2026-03-13 16:03:52,042 - INFO - Get LATEST chromedriver version for google-chrome
2026-03-13 16:03:52,965 - INFO - Driver [C:\Users\jperdomolc\.wdm\drivers\chromedriver\win64\146.0.7680.76\chromedriver.exe] found in cache
2026-03-13 16:04:15,731 - INFO - WebDriver iniciado y maximizado.
2026-03-13 16:04:15,738 - INFO - Iniciando descarga de Excel de mensajeros...
2026-03-13 16:04:44,755 - INFO - Se hizo clic en 'Exportar a Excel (Admin Mensajeros)'
2026-03-13 16:04:44,805 - INFO - Descarga de Excel finalizada.
2026-03-13 16:04:44,820 - INFO - Iniciando lectura y subida de cédulas a Google Sheets...
2026-03-13 16:04:53,718 - INFO - ✅ Archivo encontrado: C:\Users\jperdomolc/Downloads\listadoMensajerosActivos.xls
2026-03-13 16:04:57,190 - INFO - ✅ Archivo leído correctamente
2026-03-13 16:04:57,190 - INFO - 🔄 Parseando HTML con BeautifulSoup (búsqueda de la tabla correcta)...
2026-03-13 16:04:57,848 - INFO - 🔎 Tablas encontradas en el HTML: 2
2026-03-13 16:04:58,096 - INFO - ✅ Se seleccionó la tabla 2 porque contiene 'CEDULA' en el encabezado.
2026-03-13 16:04:58,102 - INFO - 📊 Filas en la tabla seleccionada: 1072
2026-03-13 16:04:58,145 - INFO -   📍 Procesadas 200 filas...
2026-03-13 16:04:58,153 - INFO -   📍 Procesadas 400 filas...
2026-03-13 16:04:58,161 - INFO -   📍 Procesadas 600 filas...
2026-03-13 16:04:58,169 - INFO -   📍 Procesadas 800 filas...
2026-03-13 16:04:58,178 - INFO -   📍 Procesadas 1000 filas...
2026-03-13 16:04:58,182 - INFO - ✅ Total cédulas extraídas: 1070
2026-03-13 16:04:58,216 - INFO - 🔄 Limpiando hoja de Google Sheets...
2026-03-13 16:04:59,955 - INFO - 🔄 Escribiendo 1070 cédulas en Google Sheets (A1)...
2026-03-13 16:05:00,341 - INFO - ✅ Se subieron 1070 cédulas con fecha de carga a la hoja de Google Sheets.
2026-03-13 16:05:00,341 - INFO - 📅 Fecha de carga: 2026-03-13 16:04:58
2026-03-13 16:05:00,357 - INFO - 🗑️  Archivo C:\Users\jperdomolc/Downloads\listadoMensajerosActivos.xls eliminado después de procesar.
2026-03-13 16:05:00,358 - INFO - Lectura y subida de cédulas finalizada.
2026-03-13 16:05:00,358 - INFO - Iniciando procesamiento de cédulas en SIMIT...
2026-03-13 16:05:00,360 - INFO - Procesamiento: reanudando desde índice 1
2026-03-13 16:06:41,056 - INFO - --- Iniciando ciclo de automatización ---
2026-03-13 16:06:43,402 - INFO - Conexión con Google Sheets inicializada.
2026-03-13 16:06:43,728 - INFO - La automatización está activada. Continuando con el proceso.
2026-03-13 16:06:43,729 - INFO - ====== WebDriver manager ======
2026-03-13 16:06:46,072 - INFO - Get LATEST chromedriver version for google-chrome
2026-03-13 16:06:46,775 - INFO - Get LATEST chromedriver version for google-chrome
2026-03-13 16:06:47,526 - INFO - Driver [C:\Users\jperdomolc\.wdm\drivers\chromedriver\win64\146.0.7680.76\chromedriver.exe] found in cache
2026-03-13 16:06:51,460 - INFO - WebDriver iniciado y maximizado.
2026-03-13 16:06:51,461 - INFO - Iniciando descarga de Excel de mensajeros...
2026-03-13 16:07:35,700 - INFO - --- Iniciando ciclo de automatización ---
2026-03-13 16:07:38,153 - INFO - Conexión con Google Sheets inicializada.
2026-03-13 16:07:38,442 - INFO - La automatización está activada. Continuando con el proceso.
2026-03-13 16:07:38,443 - INFO - ====== WebDriver manager ======
2026-03-13 16:07:39,777 - INFO - Get LATEST chromedriver version for google-chrome
2026-03-13 16:07:40,518 - INFO - Get LATEST chromedriver version for google-chrome
2026-03-13 16:07:41,248 - INFO - Driver [C:\Users\jperdomolc\.wdm\drivers\chromedriver\win64\146.0.7680.76\chromedriver.exe] found in cache
2026-03-13 16:07:42,590 - INFO - WebDriver iniciado y maximizado.
2026-03-13 16:07:42,591 - INFO - Iniciando descarga de Excel de mensajeros...
2026-03-13 16:08:03,874 - INFO - Se hizo clic en 'Exportar a Excel (Admin Mensajeros)'
2026-03-13 16:08:03,874 - INFO - Descarga de Excel finalizada.
2026-03-13 16:08:03,875 - INFO - Iniciando lectura y subida de cédulas a Google Sheets...
2026-03-13 16:08:04,167 - INFO - ✅ Archivo encontrado: C:\Users\jperdomolc/Downloads\listadoMensajerosActivos.xls
2026-03-13 16:08:04,615 - INFO - ✅ Archivo leído correctamente
2026-03-13 16:08:04,616 - INFO - 🔄 Parseando HTML con BeautifulSoup (búsqueda de la tabla correcta)...
2026-03-13 16:08:04,898 - INFO - 🔎 Tablas encontradas en el HTML: 2
2026-03-13 16:08:04,903 - INFO - ✅ Se seleccionó la tabla 2 porque contiene 'CEDULA' en el encabezado.
2026-03-13 16:08:04,909 - INFO - 📊 Filas en la tabla seleccionada: 1072
2026-03-13 16:08:04,918 - INFO -   📍 Procesadas 200 filas...
2026-03-13 16:08:04,926 - INFO -   📍 Procesadas 400 filas...
2026-03-13 16:08:04,935 - INFO -   📍 Procesadas 600 filas...
2026-03-13 16:08:04,943 - INFO -   📍 Procesadas 800 filas...
2026-03-13 16:08:04,952 - INFO -   📍 Procesadas 1000 filas...
2026-03-13 16:08:04,955 - INFO - ✅ Total cédulas extraídas: 1070
2026-03-13 16:08:04,955 - INFO - 🔄 Limpiando hoja de Google Sheets...
2026-03-13 16:08:05,119 - INFO - 🔄 Escribiendo 1070 cédulas en Google Sheets (A1)...
2026-03-13 16:08:05,428 - INFO - ✅ Se subieron 1070 cédulas con fecha de carga a la hoja de Google Sheets.
2026-03-13 16:08:05,428 - INFO - 📅 Fecha de carga: 2026-03-13 16:08:04
2026-03-13 16:08:05,434 - INFO - 🗑️  Archivo C:\Users\jperdomolc/Downloads\listadoMensajerosActivos.xls eliminado después de procesar.
2026-03-13 16:08:05,435 - INFO - Lectura y subida de cédulas finalizada.
2026-03-13 16:08:05,435 - INFO - Iniciando procesamiento de cédulas en SIMIT...
2026-03-13 16:08:05,436 - INFO - Procesamiento: reanudando desde índice 1
2026-03-13 16:08:22,809 - INFO - Esperando a que desaparezca el modal de espera...
2026-03-13 16:08:22,853 - INFO - El modal de espera ha desaparecido.
2026-03-13 16:08:22,923 - INFO - Esperando a que desaparezca el modal de espera...
2026-03-13 16:08:22,939 - INFO - El modal de espera ha desaparecido.
2026-03-13 16:08:27,157 - INFO - Esperando a que el loader ('#loader') desaparezca (Intento 1/5)...
2026-03-13 16:08:27,185 - INFO - El loader ha desaparecido.
2026-03-13 16:08:47,834 - INFO - Esperando a que el loader ('#loader') desaparezca (Intento 1/5)...
2026-03-13 16:09:08,119 - WARNING - El loader no desapareció a tiempo (20 segundos) en el intento 1.
2026-03-13 16:09:08,119 - INFO - Intentando recargar la página...
2026-03-13 16:09:08,119 - INFO - Intento 1/4: Recargando la página...
2026-03-13 16:09:21,980 - INFO - Esperando a que el loader ('#loader') desaparezca (Intento 2/5)...
2026-03-13 16:09:22,000 - INFO - El loader ha desaparecido.
2026-03-13 16:09:22,000 - INFO - Esperando a que desaparezca el modal de espera...
2026-03-13 16:09:22,014 - INFO - El modal de espera ha desaparecido.
2026-03-13 16:09:37,205 - INFO - [1006190926]: No hay comparendos o multas (tablas no encontradas en 3s).
2026-03-13 16:09:40,320 - INFO - [1006190926]: No hay acuerdos de pago (tabla acuerdos de Pago no encontrada en 3s).
2026-03-13 16:09:44,462 - INFO - Esperando a que el loader ('#loader') desaparezca (Intento 1/5)...
2026-03-13 16:09:44,486 - INFO - El loader ha desaparecido.
2026-03-13 16:10:05,692 - ERROR - Error con la cédula 1061543274: Message: element click intercepted: Element <button type="submit" id="consultar" aria-label="Consultar estado de cuenta" data-step="3" class="btn btn-primary font-weight-bold btn-sm py-1" data-orig-font-size="14px" data-orig-line-height="21px" data-orig-letter-spacing="0" data-insuit-uuid="56e9acec-47f0-42f9-97cf-7708c63e995f">...</button> is not clickable at point (1346, 330). Other element would receive the click: <div class="modal fade show" id="modalInformation" tabindex="-1" role="dialog" aria-labelledby="exampleModalLabel" aria-modal="true" aria-live="assertive" data-insuit-in="i4t.find('#initModalinformativo').dispatchEvent('mouseover');" data-insuit-back="i4t(this).find('button.close.modal-info-close').dispatchEvent('click'); i4t(this).remove(); setTimeout(function(){i4t.dispatchIEvent('0');}, 3000);" data-insuit-main="i4t(this).find('button.close.modal-info-close').dispatchEvent('click'); i4t(this).remove(); setTimeout(function(){i4t.dispatchIEvent('0');}, 3000);" data-insuit-top="i4t(this).find('button.close.modal-info-close').dispatchEvent('click'); i4t(this).remove(); setTimeout(function(){i4t.dispatchIEvent('0');}, 3000);" data-insuit-tab="i4t(this).find('button.close.modal-info-close').dispatchEvent('click'); i4t(this).remove(); setTimeout(function(){i4t.dispatchIEvent('0');}, 3000);" data-insuit-shifttab="i4t(this).find('button.close.modal-info-close').dispatchEvent('click'); i4t(this).remove(); setTimeout(function(){i4t.dispatchIEvent('0');}, 3000);" style="padding-right: 15px; display: block;" data-insuit-uuid="d46caeed-8725-4a5b-a24e-e7f5a842e43d">...</div>
  (Session info: chrome=146.0.7680.72); For documentation on this error, please visit: https://www.selenium.dev/documentation/webdriver/troubleshooting/errors#elementclickinterceptedexception
Stacktrace:
	chromedriver!GetHandleVerifier [0x128eea3+10893]
	chromedriver!GetHandleVerifier [0x128efd4+109c4]
	chromedriver!(No symbol) [0x1072130]
	chromedriver!(No symbol) [0x10c12a8]
	chromedriver!(No symbol) [0x10bf4b9]
	chromedriver!(No symbol) [0x10bce72]
	chromedriver!(No symbol) [0x10bc084]
	chromedriver!(No symbol) [0x10b1ca8]
	chromedriver!(No symbol) [0x10ddafc]
	chromedriver!(No symbol) [0x10b16e4]
	chromedriver!(No symbol) [0x10ddcc4]
	chromedriver!(No symbol) [0x10fa8d4]
	chromedriver!(No symbol) [0x10dd896]
	chromedriver!(No symbol) [0x10b0229]
	chromedriver!(No symbol) [0x10b0fe4]
	chromedriver!GetHandleVerifier [0x14f2029+273a19]
	chromedriver!GetHandleVerifier [0x14ed633+26f023]
	chromedriver!GetHandleVerifier [0x150b35b+28cd4b]
	chromedriver!GetHandleVerifier [0x12a7e18+29808]
	chromedriver!GetHandleVerifier [0x12afb5d+3154d]
	chromedriver!GetHandleVerifier [0x12978c8+192b8]
	chromedriver!GetHandleVerifier [0x1297a92+19482]
	chromedriver!GetHandleVerifier [0x12811aa+2b9a]
	KERNEL32!BaseThreadInitThunk [0x75c05d49+19]
	ntdll!RtlInitializeExceptionChain [0x7787d5db+6b]
	ntdll!RtlGetAppContainerNamedObjectPath [0x7787d561+231]

2026-03-13 16:10:06,654 - INFO - Esperando a que el loader ('#loader') desaparezca (Intento 1/5)...
2026-03-13 16:10:06,671 - INFO - El loader ha desaparecido.
2026-03-13 16:10:26,965 - INFO - Esperando a que el loader ('#loader') desaparezca (Intento 1/5)...
2026-03-13 16:10:29,177 - INFO - El loader ha desaparecido.
2026-03-13 16:10:29,177 - INFO - Esperando a que desaparezca el modal de espera...
2026-03-13 16:10:29,188 - INFO - El modal de espera ha desaparecido.
2026-03-13 16:10:34,806 - WARNING - [16375143] se le da click 1 vez en el boton del link
2026-03-13 16:10:38,405 - INFO - No hay paginación (una sola página). No se requiere cambio de página.
2026-03-13 16:10:38,435 - WARNING - No se encontró ninguna paginación. Puede que solo haya una página.
2026-03-13 16:10:41,520 - INFO - [16375143]: No hay acuerdos de pago (tabla acuerdos de Pago no encontrada en 3s).
2026-03-13 16:10:45,557 - INFO - Esperando a que el loader ('#loader') desaparezca (Intento 1/5)...
2026-03-13 16:10:45,586 - INFO - El loader ha desaparecido.
2026-03-13 16:10:45,743 - INFO - Esperando a que el loader ('#loader') desaparezca (Intento 1/5)...
2026-03-13 16:10:46,844 - INFO - El loader ha desaparecido.
2026-03-13 16:10:46,844 - INFO - Esperando a que desaparezca el modal de espera...
2026-03-13 16:10:46,852 - INFO - El modal de espera ha desaparecido.
2026-03-13 16:10:52,333 - WARNING - [1143938055] se le da click 1 vez en el boton del link
2026-03-13 16:10:55,889 - INFO - No hay paginación (una sola página). No se requiere cambio de página.
2026-03-13 16:10:55,913 - WARNING - No se encontró ninguna paginación. Puede que solo haya una página.
2026-03-13 16:10:58,993 - INFO - [1143938055]: No hay acuerdos de pago (tabla acuerdos de Pago no encontrada en 3s).
2026-03-13 16:11:02,979 - INFO - Esperando a que el loader ('#loader') desaparezca (Intento 1/5)...
2026-03-13 16:11:03,002 - INFO - El loader ha desaparecido.
2026-03-13 16:11:03,114 - INFO - Esperando a que el loader ('#loader') desaparezca (Intento 1/5)...
2026-03-13 16:11:04,168 - INFO - El loader ha desaparecido.
2026-03-13 16:11:04,168 - INFO - Esperando a que desaparezca el modal de espera...
2026-03-13 16:11:04,176 - INFO - El modal de espera ha desaparecido.
2026-03-13 16:11:09,173 - INFO - [16790413]: No hay comparendos o multas (tablas no encontradas en 3s).
2026-03-13 16:11:12,269 - INFO - [16790413]: No hay acuerdos de pago (tabla acuerdos de Pago no encontrada en 3s).
2026-03-13 16:11:16,242 - INFO - Esperando a que el loader ('#loader') desaparezca (Intento 1/5)...
2026-03-13 16:11:16,264 - INFO - El loader ha desaparecido.
2026-03-13 16:11:16,407 - INFO - Esperando a que el loader ('#loader') desaparezca (Intento 1/5)...
2026-03-13 16:11:17,484 - INFO - El loader ha desaparecido.
2026-03-13 16:11:17,484 - INFO - Esperando a que desaparezca el modal de espera...
2026-03-13 16:11:17,495 - INFO - El modal de espera ha desaparecido.
2026-03-13 16:11:22,972 - WARNING - [76306108] se le da click 1 vez en el boton del link
2026-03-13 16:11:26,508 - INFO - No hay paginación (una sola página). No se requiere cambio de página.
2026-03-13 16:11:26,544 - WARNING - No se encontró ninguna paginación. Puede que solo haya una página.
2026-03-13 16:11:29,675 - INFO - [76306108]: No hay acuerdos de pago (tabla acuerdos de Pago no encontrada en 3s).
2026-03-13 16:11:33,696 - INFO - Esperando a que el loader ('#loader') desaparezca (Intento 1/5)...
2026-03-13 16:11:33,730 - INFO - El loader ha desaparecido.
2026-03-13 16:11:33,841 - INFO - Esperando a que el loader ('#loader') desaparezca (Intento 1/5)...
2026-03-13 16:11:34,924 - INFO - El loader ha desaparecido.
2026-03-13 16:11:34,924 - INFO - Esperando a que desaparezca el modal de espera...
2026-03-13 16:11:34,932 - INFO - El modal de espera ha desaparecido.
2026-03-13 16:11:39,948 - INFO - [94505323]: No hay comparendos o multas (tablas no encontradas en 3s).
2026-03-13 16:11:43,045 - INFO - [94505323]: No hay acuerdos de pago (tabla acuerdos de Pago no encontrada en 3s).
2026-03-13 16:11:47,032 - INFO - Esperando a que el loader ('#loader') desaparezca (Intento 1/5)...
2026-03-13 16:11:47,051 - INFO - El loader ha desaparecido.
2026-03-13 16:11:47,146 - INFO - Esperando a que el loader ('#loader') desaparezca (Intento 1/5)...
2026-03-13 16:11:48,202 - INFO - El loader ha desaparecido.
2026-03-13 16:11:48,202 - INFO - Esperando a que desaparezca el modal de espera...
2026-03-13 16:11:48,209 - INFO - El modal de espera ha desaparecido.
2026-03-13 16:11:53,141 - INFO - [98339034]: No hay comparendos o multas (tablas no encontradas en 3s).
2026-03-13 16:11:56,236 - INFO - [98339034]: No hay acuerdos de pago (tabla acuerdos de Pago no encontrada en 3s).
2026-03-13 16:12:00,271 - INFO - Esperando a que el loader ('#loader') desaparezca (Intento 1/5)...
2026-03-13 16:12:00,291 - INFO - El loader ha desaparecido.
2026-03-13 16:12:00,404 - INFO - Esperando a que el loader ('#loader') desaparezca (Intento 1/5)...
2026-03-13 16:12:01,460 - INFO - El loader ha desaparecido.
2026-03-13 16:12:01,460 - INFO - Esperando a que desaparezca el modal de espera...
2026-03-13 16:12:01,468 - INFO - El modal de espera ha desaparecido.
2026-03-13 16:12:06,463 - INFO - [1107052475]: No hay comparendos o multas (tablas no encontradas en 3s).
2026-03-13 16:12:09,576 - INFO - [1107052475]: No hay acuerdos de pago (tabla acuerdos de Pago no encontrada en 3s).
2026-03-13 16:12:13,560 - INFO - Esperando a que el loader ('#loader') desaparezca (Intento 1/5)...
2026-03-13 16:12:13,579 - INFO - El loader ha desaparecido.
2026-03-13 16:12:13,677 - INFO - Esperando a que el loader ('#loader') desaparezca (Intento 1/5)...
2026-03-13 16:12:14,730 - INFO - El loader ha desaparecido.
2026-03-13 16:12:14,730 - INFO - Esperando a que desaparezca el modal de espera...
2026-03-13 16:12:14,738 - INFO - El modal de espera ha desaparecido.
2026-03-13 16:12:19,708 - INFO - [1109842537]: No hay comparendos o multas (tablas no encontradas en 3s).
2026-03-13 16:12:22,838 - INFO - [1109842537]: No hay acuerdos de pago (tabla acuerdos de Pago no encontrada en 3s).
2026-03-13 16:12:26,856 - INFO - Esperando a que el loader ('#loader') desaparezca (Intento 1/5)...
2026-03-13 16:12:26,893 - INFO - El loader ha desaparecido.
2026-03-13 16:12:27,000 - INFO - Esperando a que el loader ('#loader') desaparezca (Intento 1/5)...
2026-03-13 16:12:28,068 - INFO - El loader ha desaparecido.
2026-03-13 16:12:28,068 - INFO - Esperando a que desaparezca el modal de espera...
2026-03-13 16:12:28,078 - INFO - El modal de espera ha desaparecido.
2026-03-13 16:12:33,000 - INFO - [1143841085]: No hay comparendos o multas (tablas no encontradas en 3s).
2026-03-13 16:12:36,086 - INFO - [1143841085]: No hay acuerdos de pago (tabla acuerdos de Pago no encontrada en 3s).
2026-03-13 16:12:40,092 - INFO - Esperando a que el loader ('#loader') desaparezca (Intento 1/5)...
2026-03-13 16:12:40,109 - INFO - El loader ha desaparecido.
2026-03-13 16:12:40,212 - INFO - Esperando a que el loader ('#loader') desaparezca (Intento 1/5)...
2026-03-13 16:12:41,266 - INFO - El loader ha desaparecido.
2026-03-13 16:12:41,266 - INFO - Esperando a que desaparezca el modal de espera...
2026-03-13 16:12:41,273 - INFO - El modal de espera ha desaparecido.
2026-03-13 16:12:46,194 - INFO - [16845402]: No hay comparendos o multas (tablas no encontradas en 3s).
2026-03-13 16:12:49,276 - INFO - [16845402]: No hay acuerdos de pago (tabla acuerdos de Pago no encontrada en 3s).
2026-03-13 16:12:53,287 - INFO - Esperando a que el loader ('#loader') desaparezca (Intento 1/5)...
2026-03-13 16:12:53,305 - INFO - El loader ha desaparecido.
2026-03-13 16:12:53,407 - INFO - Esperando a que el loader ('#loader') desaparezca (Intento 1/5)...
2026-03-13 16:12:54,494 - INFO - El loader ha desaparecido.
2026-03-13 16:12:54,494 - INFO - Esperando a que desaparezca el modal de espera...
2026-03-13 16:12:54,502 - INFO - El modal de espera ha desaparecido.
2026-03-13 16:12:59,437 - INFO - [79566557]: No hay comparendos o multas (tablas no encontradas en 3s).
2026-03-13 16:13:02,522 - INFO - [79566557]: No hay acuerdos de pago (tabla acuerdos de Pago no encontrada en 3s).
2026-03-13 16:13:06,532 - INFO - Esperando a que el loader ('#loader') desaparezca (Intento 1/5)...
2026-03-13 16:13:06,551 - INFO - El loader ha desaparecido.
2026-03-13 16:13:06,650 - INFO - Esperando a que el loader ('#loader') desaparezca (Intento 1/5)...
2026-03-13 16:13:07,701 - INFO - El loader ha desaparecido.
2026-03-13 16:13:07,701 - INFO - Esperando a que desaparezca el modal de espera...
2026-03-13 16:13:07,708 - INFO - El modal de espera ha desaparecido.
2026-03-13 16:13:12,635 - INFO - [94456424]: No hay comparendos o multas (tablas no encontradas en 3s).
2026-03-13 16:13:15,724 - INFO - [94456424]: No hay acuerdos de pago (tabla acuerdos de Pago no encontrada en 3s).
2026-03-13 16:13:19,736 - INFO - Esperando a que el loader ('#loader') desaparezca (Intento 1/5)...
2026-03-13 16:13:19,755 - INFO - El loader ha desaparecido.
2026-03-13 16:13:19,851 - INFO - Esperando a que el loader ('#loader') desaparezca (Intento 1/5)...
2026-03-13 16:13:20,905 - INFO - El loader ha desaparecido.
2026-03-13 16:13:20,905 - INFO - Esperando a que desaparezca el modal de espera...
2026-03-13 16:13:20,913 - INFO - El modal de espera ha desaparecido.
2026-03-13 16:13:25,833 - INFO - [94497151]: No hay comparendos o multas (tablas no encontradas en 3s).
2026-03-13 16:13:28,917 - INFO - [94497151]: No hay acuerdos de pago (tabla acuerdos de Pago no encontrada en 3s).
2026-03-13 16:13:32,882 - INFO - Esperando a que el loader ('#loader') desaparezca (Intento 1/5)...
2026-03-13 16:13:32,900 - INFO - El loader ha desaparecido.
2026-03-13 16:13:32,998 - INFO - Esperando a que el loader ('#loader') desaparezca (Intento 1/5)...
2026-03-13 16:13:34,056 - INFO - El loader ha desaparecido.
2026-03-13 16:13:34,056 - INFO - Esperando a que desaparezca el modal de espera...
2026-03-13 16:13:34,064 - INFO - El modal de espera ha desaparecido.
2026-03-13 16:13:38,983 - INFO - [94531485]: No hay comparendos o multas (tablas no encontradas en 3s).
2026-03-13 16:13:42,070 - INFO - [94531485]: No hay acuerdos de pago (tabla acuerdos de Pago no encontrada en 3s).
2026-03-13 16:13:46,047 - INFO - Esperando a que el loader ('#loader') desaparezca (Intento 1/5)...
2026-03-13 16:13:46,066 - INFO - El loader ha desaparecido.
2026-03-13 16:13:46,163 - INFO - Esperando a que el loader ('#loader') desaparezca (Intento 1/5)...
2026-03-13 16:13:47,219 - INFO - El loader ha desaparecido.
2026-03-13 16:13:47,220 - INFO - Esperando a que desaparezca el modal de espera...
2026-03-13 16:13:47,228 - INFO - El modal de espera ha desaparecido.
2026-03-13 16:13:52,159 - INFO - [1130627462]: No hay comparendos o multas (tablas no encontradas en 3s).
2026-03-13 16:13:55,239 - INFO - [1130627462]: No hay acuerdos de pago (tabla acuerdos de Pago no encontrada en 3s).
2026-03-13 16:13:59,242 - INFO - Esperando a que el loader ('#loader') desaparezca (Intento 1/5)...
2026-03-13 16:13:59,261 - INFO - El loader ha desaparecido.
2026-03-13 16:13:59,382 - INFO - Esperando a que el loader ('#loader') desaparezca (Intento 1/5)...
2026-03-13 16:14:00,441 - INFO - El loader ha desaparecido.
2026-03-13 16:14:00,441 - INFO - Esperando a que desaparezca el modal de espera...
2026-03-13 16:14:00,449 - INFO - El modal de espera ha desaparecido.
2026-03-13 16:14:05,371 - INFO - [15813187]: No hay comparendos o multas (tablas no encontradas en 3s).
2026-03-13 16:14:08,456 - INFO - [15813187]: No hay acuerdos de pago (tabla acuerdos de Pago no encontrada en 3s).
2026-03-13 16:14:12,495 - INFO - Esperando a que el loader ('#loader') desaparezca (Intento 1/5)...
2026-03-13 16:14:12,513 - INFO - El loader ha desaparecido.
2026-03-13 16:14:12,617 - INFO - Esperando a que el loader ('#loader') desaparezca (Intento 1/5)...
2026-03-13 16:14:13,670 - INFO - El loader ha desaparecido.
2026-03-13 16:14:13,670 - INFO - Esperando a que desaparezca el modal de espera...
2026-03-13 16:14:13,679 - INFO - El modal de espera ha desaparecido.
2026-03-13 16:14:18,606 - INFO - [16840052]: No hay comparendos o multas (tablas no encontradas en 3s).
2026-03-13 16:14:21,694 - INFO - [16840052]: No hay acuerdos de pago (tabla acuerdos de Pago no encontrada en 3s).
